// Jest Snapshot v1, https://goo.gl/fbAQLP

exports[`Card should match its snapshot 1`] = `
<div
  className="card"
/>
`;
