// Jest Snapshot v1, https://goo.gl/fbAQLP

exports[`Message should match its snapshot 1`] = `null`;
